<?xml version="1.0" encoding="UTF-8"?>
<TestRun id="1667e3c3-d4ee-4e9c-950a-51e4fbeb5aa9" name="danny@DANNY-PC 2012-03-29 12:16:55" runUser="danny-PC\danny" xmlns="http://microsoft.com/schemas/VisualStudio/TeamTest/2010">
  <TestSettings name="Local" id="1f8a837c-fdd1-469b-8dd1-f356c7203470">
    <Description>These are default test settings for a local test run.</Description>
    <Deployment enabled="false" runDeploymentRoot="danny_DANNY-PC 2012-03-29 12_16_55">
      <DeploymentItem filename="C:\Users\danny\Dropbox\Piticot\PiticotApplication\PiticotBusiness\bin\Debug\PiticotBusiness.dll" />
    </Deployment>
    <Execution>
      <TestTypeSpecific />
      <AgentRule name="Execution Agents">
      </AgentRule>
    </Execution>
  </TestSettings>
  <Times creation="2012-03-29T12:16:55.4396623+03:00" queuing="2012-03-29T12:16:55.4486628+03:00" start="2012-03-29T12:16:55.4906652+03:00" finish="2012-03-29T12:16:55.8636865+03:00" />
  <ResultSummary outcome="Completed">
    <Counters total="2" executed="2" passed="2" error="0" failed="0" timeout="0" aborted="0" inconclusive="0" passedButRunAborted="0" notRunnable="0" notExecuted="0" disconnected="0" warning="0" completed="0" inProgress="0" pending="0" />
  </ResultSummary>
  <TestDefinitions>
    <UnitTest name="ThrowTest" storage="c:\users\danny\dropbox\piticot\piticotapplication\testprojectpiticot\bin\debug\testprojectpiticot.dll" id="94d1e3f1-98a1-07bd-0f21-5047d0dd4515">
      <Execution id="363c2c33-caff-4728-8f3f-b83ab55c120d" />
      <TestMethod codeBase="C:/Users/danny/Dropbox/Piticot/PiticotApplication/TestProjectPiticot/bin/Debug/TestProjectPiticot.DLL" adapterTypeName="Microsoft.VisualStudio.TestTools.TestTypes.Unit.UnitTestAdapter, Microsoft.VisualStudio.QualityTools.Tips.UnitTest.Adapter, Version=10.0.0.0, Culture=neutral, PublicKeyToken=b03f5f7f11d50a3a" className="TestProjectPiticot.GameDiceTest, TestProjectPiticot, Version=1.0.0.0, Culture=neutral, PublicKeyToken=null" name="ThrowTest" />
    </UnitTest>
    <UnitTest name="xTest" storage="c:\users\danny\dropbox\piticot\piticotapplication\testprojectpiticot\bin\debug\testprojectpiticot.dll" id="9b424916-2f55-01dc-4cb4-4e307abf7aa9">
      <Execution id="55700755-8433-4528-97a3-31d1e959710d" />
      <TestMethod codeBase="C:/Users/danny/Dropbox/Piticot/PiticotApplication/TestProjectPiticot/bin/Debug/TestProjectPiticot.DLL" adapterTypeName="Microsoft.VisualStudio.TestTools.TestTypes.Unit.UnitTestAdapter, Microsoft.VisualStudio.QualityTools.Tips.UnitTest.Adapter, Version=10.0.0.0, Culture=neutral, PublicKeyToken=b03f5f7f11d50a3a" className="TestProjectPiticot.GameDiceTest, TestProjectPiticot, Version=1.0.0.0, Culture=neutral, PublicKeyToken=null" name="xTest" />
    </UnitTest>
  </TestDefinitions>
  <TestLists>
    <TestList name="Results Not in a List" id="8c84fa94-04c1-424b-9868-57a2d4851a1d" />
    <TestList name="All Loaded Results" id="19431567-8539-422a-85d7-44ee4e166bda" />
  </TestLists>
  <TestEntries>
    <TestEntry testId="94d1e3f1-98a1-07bd-0f21-5047d0dd4515" executionId="363c2c33-caff-4728-8f3f-b83ab55c120d" testListId="8c84fa94-04c1-424b-9868-57a2d4851a1d" />
    <TestEntry testId="9b424916-2f55-01dc-4cb4-4e307abf7aa9" executionId="55700755-8433-4528-97a3-31d1e959710d" testListId="8c84fa94-04c1-424b-9868-57a2d4851a1d" />
  </TestEntries>
  <Results>
    <UnitTestResult executionId="363c2c33-caff-4728-8f3f-b83ab55c120d" testId="94d1e3f1-98a1-07bd-0f21-5047d0dd4515" testName="ThrowTest" computerName="DANNY-PC" duration="00:00:00.0232607" startTime="2012-03-29T12:16:55.4916653+03:00" endTime="2012-03-29T12:16:55.8316847+03:00" testType="13cdc9d9-ddb5-4fa4-a97d-d965ccfc6d4b" outcome="Passed" testListId="8c84fa94-04c1-424b-9868-57a2d4851a1d" relativeResultsDirectory="363c2c33-caff-4728-8f3f-b83ab55c120d">
    </UnitTestResult>
    <UnitTestResult executionId="55700755-8433-4528-97a3-31d1e959710d" testId="9b424916-2f55-01dc-4cb4-4e307abf7aa9" testName="xTest" computerName="DANNY-PC" duration="00:00:00.0007297" startTime="2012-03-29T12:16:55.8356849+03:00" endTime="2012-03-29T12:16:55.8426853+03:00" testType="13cdc9d9-ddb5-4fa4-a97d-d965ccfc6d4b" outcome="Passed" testListId="8c84fa94-04c1-424b-9868-57a2d4851a1d" relativeResultsDirectory="55700755-8433-4528-97a3-31d1e959710d">
    </UnitTestResult>
  </Results>
</TestRun>